// Jest Snapshot v1, https://goo.gl/fbAQLP

exports[`login loads component 1`] = `
<div>
  <h1> LOGIN </h1>
  <v-card-stub loaderheight="4" tag="div" class="mt-5">
    <v-card-text-stub tag="div">
      <v-text-field-stub errorcount="1" errormessages="" messages="" rules="" successmessages="" value="" backgroundcolor="" label="EMAIL" loaderheight="2" clearicon="$clear" type="text"></v-text-field-stub>
      <v-text-field-stub errorcount="1" errormessages="" messages="" rules="" successmessages="" value="" backgroundcolor="" label="PASSWORD" loaderheight="2" clearicon="$clear" type="password"></v-text-field-stub>
    </v-card-text-stub>
    <v-btn-stub color="primary" tag="button" activeclass="" type="button" class="ma-5">
      CONFIRMAR
    </v-btn-stub>
  </v-card-stub>
</div>
`;
